; ModuleID = 'moudle'
source_filename = "moudle"

define i32 @main() {
mainEntry:
  ret i32 -2
}
